---
source: crates/review-contracts/tests/contract_parity.rs
assertion_line: 40
expression: snapshot
---
schemaSetVersion: 1
source: packages/review-types/src/index.ts
generator: packages/review-types/scripts/generate-json-schema.mjs
schemas:
  - commandRunInput -> command-run-input.schema.json
  - commandRunOutput -> command-run-output.schema.json
  - lifecycleEvent -> lifecycle-event.schema.json
  - outputFormat -> output-format.schema.json
  - providerAttemptTelemetry -> provider-attempt-telemetry.schema.json
  - providerDiagnostic -> provider-diagnostic.schema.json
  - providerFailureClass -> provider-failure-class.schema.json
  - providerPolicyTelemetry -> provider-policy-telemetry.schema.json
  - providerRetentionPolicy -> provider-retention-policy.schema.json
  - providerUsage -> provider-usage.schema.json
  - rawModelOutput -> raw-model-output.schema.json
  - reviewArtifactMetadata -> review-artifact-metadata.schema.json
  - reviewArtifactStoreRecord -> review-artifact-store-record.schema.json
  - reviewCancelResponse -> review-cancel-response.schema.json
  - reviewErrorResponse -> review-error-response.schema.json
  - reviewEventCursor -> review-event-cursor.schema.json
  - reviewEventStoreRecord -> review-event-store-record.schema.json
  - reviewFinding -> review-finding.schema.json
  - reviewFindingTriageAuditRecord -> review-finding-triage-audit-record.schema.json
  - reviewFindingTriageListResponse -> review-finding-triage-list-response.schema.json
  - reviewFindingTriageRecord -> review-finding-triage-record.schema.json
  - reviewFindingTriageStatus -> review-finding-triage-status.schema.json
  - reviewFindingTriageUpdateRequest -> review-finding-triage-update-request.schema.json
  - reviewFindingTriageUpdateResponse -> review-finding-triage-update-response.schema.json
  - reviewPublicationPreviewAction -> review-publication-preview-action.schema.json
  - reviewPublicationPreviewItem -> review-publication-preview-item.schema.json
  - reviewPublicationPreviewTarget -> review-publication-preview-target.schema.json
  - reviewPublicationRecord -> review-publication-record.schema.json
  - reviewPublishPreviewResponse -> review-publish-preview-response.schema.json
  - reviewPublishResponse -> review-publish-response.schema.json
  - reviewRepositorySelection -> review-repository-selection.schema.json
  - reviewRequest -> review-request.schema.json
  - reviewResult -> review-result.schema.json
  - reviewRunAuthorization -> review-run-authorization.schema.json
  - reviewRunListQuery -> review-run-list-query.schema.json
  - reviewRunListResponse -> review-run-list-response.schema.json
  - reviewRunRepositorySummary -> review-run-repository-summary.schema.json
  - reviewRunRequestSummary -> review-run-request-summary.schema.json
  - reviewRunStatus -> review-run-status.schema.json
  - reviewRunStoreRecord -> review-run-store-record.schema.json
  - reviewRunSummary -> review-run-summary.schema.json
  - reviewStartRequest -> review-start-request.schema.json
  - reviewStartResponse -> review-start-response.schema.json
  - reviewStatusResponse -> review-status-response.schema.json
  - reviewTargetType -> review-target-type.schema.json
  - sandboxAudit -> sandbox-audit.schema.json
